Leakwatch is a high-performance security tool that detects, verifies, and reports
leaked secrets (API keys, passwords, certificates) in codebases, Git histories,
container images, cloud storage buckets, and Slack workspaces.

Features:
  - 65 built-in secret detectors covering AWS, GitHub, Slack, Stripe, JWT, and more
  - 54 verification implementations: 39 direct-live, 9 context-required, 6 format-only
  - Scans filesystems, Git repos, container images, S3, GCS, and Slack
  - Multiple output formats: json, sarif, csv, table, github
  - Aho-Corasick pre-filtering for fast multi-pattern matching
  - Concurrent worker pool architecture for high throughput
  - Custom rules via YAML configuration
  - .leakwatchignore and inline ignore support

Usage:
  leakwatch [command]

Examples:
  # Quick scan of current directory
  leakwatch scan fs .

  # Scan a Git repository with verification
  leakwatch scan git https://github.com/org/repo.git

  # Scan and output SARIF for GitHub Code Scanning
  leakwatch scan fs . --format sarif --output results.sarif

  # Scan with remediation guidance
  leakwatch scan fs . --remediation --format table

  # Show only verified active secrets
  leakwatch scan git . --only-verified

Available Commands:
  completion  Generate the autocompletion script for the specified shell
  help        Help about any command
  init        Creates a .leakwatch.yaml configuration file
  scan        Starts a secret scan
  version     Shows Leakwatch version information

Flags:
      --config string      config file (default: .leakwatch.yaml)
  -h, --help               help for leakwatch
      --log-level string   log level (debug, info, warn, error) (default "warn")

Use "leakwatch [command] --help" for more information about a command.
